node_modules/next/dist/build/templates/app-page.d.ts(11,25): error TS2307: Cannot find module 'VAR_MODULE_GLOBAL_ERROR' or its corresponding type declarations.
node_modules/next/dist/build/webpack-config.d.ts(10,104): error TS2694: Namespace '"/Users/user/Documents/Command Center Cockpit/Canopi_Antigravity/canopi---intel-excels/node_modules/next/dist/compiled/webpack/webpack".webpack' has no exported member 'RuleSetUseItem'.
node_modules/next/dist/build/webpack/loaders/next-app-loader/index.d.ts(1,13): error TS2613: Module '"/Users/user/Documents/Command Center Cockpit/Canopi_Antigravity/canopi---intel-excels/node_modules/next/dist/compiled/webpack/webpack"' has no default export. Did you mean to use 'import { webpack } from "/Users/user/Documents/Command Center Cockpit/Canopi_Antigravity/canopi---intel-excels/node_modules/next/dist/compiled/webpack/webpack"' instead?
node_modules/next/dist/client/components/error-boundary.d.ts(1,8): error TS1259: Module '"/Users/user/Documents/Command Center Cockpit/Canopi_Antigravity/canopi---intel-excels/node_modules/@types/react/index"' can only be default-imported using the 'esModuleInterop' flag
node_modules/next/dist/client/components/http-access-fallback/error-boundary.d.ts(11,8): error TS1259: Module '"/Users/user/Documents/Command Center Cockpit/Canopi_Antigravity/canopi---intel-excels/node_modules/@types/react/index"' can only be default-imported using the 'esModuleInterop' flag
node_modules/next/dist/client/components/layout-router.d.ts(2,8): error TS1259: Module '"/Users/user/Documents/Command Center Cockpit/Canopi_Antigravity/canopi---intel-excels/node_modules/@types/react/index"' can only be default-imported using the 'esModuleInterop' flag
node_modules/next/dist/client/with-router.d.ts(1,8): error TS1259: Module '"/Users/user/Documents/Command Center Cockpit/Canopi_Antigravity/canopi---intel-excels/node_modules/@types/react/index"' can only be default-imported using the 'esModuleInterop' flag
node_modules/next/dist/lib/metadata/metadata.d.ts(1,8): error TS1259: Module '"/Users/user/Documents/Command Center Cockpit/Canopi_Antigravity/canopi---intel-excels/node_modules/@types/react/index"' can only be default-imported using the 'esModuleInterop' flag
node_modules/next/dist/next-devtools/userspace/pages/pages-dev-overlay-setup.d.ts(1,8): error TS1259: Module '"/Users/user/Documents/Command Center Cockpit/Canopi_Antigravity/canopi---intel-excels/node_modules/@types/react/index"' can only be default-imported using the 'esModuleInterop' flag
node_modules/next/dist/server/app-render/entry-base.d.ts(1,114): error TS2307: Cannot find module 'react-server-dom-webpack/server' or its corresponding type declarations.
node_modules/next/dist/server/app-render/entry-base.d.ts(2,49): error TS2307: Cannot find module 'react-server-dom-webpack/static' or its corresponding type declarations.
node_modules/next/dist/server/web/spec-extension/adapters/headers.d.ts(39,16): error TS2304: Cannot find name 'HeadersIterator'.
node_modules/next/dist/server/web/spec-extension/adapters/headers.d.ts(40,13): error TS2304: Cannot find name 'HeadersIterator'.
node_modules/next/dist/server/web/spec-extension/adapters/headers.d.ts(41,15): error TS2304: Cannot find name 'HeadersIterator'.
node_modules/next/dist/server/web/spec-extension/adapters/headers.d.ts(42,26): error TS2304: Cannot find name 'HeadersIterator'.
node_modules/next/dist/shared/lib/amp-context.shared-runtime.d.ts(1,8): error TS1259: Module '"/Users/user/Documents/Command Center Cockpit/Canopi_Antigravity/canopi---intel-excels/node_modules/@types/react/index"' can only be default-imported using the 'esModuleInterop' flag
node_modules/next/dist/shared/lib/app-router-context.shared-runtime.d.ts(4,8): error TS1259: Module '"/Users/user/Documents/Command Center Cockpit/Canopi_Antigravity/canopi---intel-excels/node_modules/@types/react/index"' can only be default-imported using the 'esModuleInterop' flag
node_modules/next/dist/shared/lib/head-manager-context.shared-runtime.d.ts(1,8): error TS1259: Module '"/Users/user/Documents/Command Center Cockpit/Canopi_Antigravity/canopi---intel-excels/node_modules/@types/react/index"' can only be default-imported using the 'esModuleInterop' flag
node_modules/next/dist/shared/lib/image-config-context.shared-runtime.d.ts(1,8): error TS1259: Module '"/Users/user/Documents/Command Center Cockpit/Canopi_Antigravity/canopi---intel-excels/node_modules/@types/react/index"' can only be default-imported using the 'esModuleInterop' flag
node_modules/next/dist/shared/lib/loadable-context.shared-runtime.d.ts(1,8): error TS1259: Module '"/Users/user/Documents/Command Center Cockpit/Canopi_Antigravity/canopi---intel-excels/node_modules/@types/react/index"' can only be default-imported using the 'esModuleInterop' flag
node_modules/next/dist/shared/lib/loadable.shared-runtime.d.ts(21,8): error TS1259: Module '"/Users/user/Documents/Command Center Cockpit/Canopi_Antigravity/canopi---intel-excels/node_modules/@types/react/index"' can only be default-imported using the 'esModuleInterop' flag
node_modules/next/dist/shared/lib/router-context.shared-runtime.d.ts(1,8): error TS1259: Module '"/Users/user/Documents/Command Center Cockpit/Canopi_Antigravity/canopi---intel-excels/node_modules/@types/react/index"' can only be default-imported using the 'esModuleInterop' flag
node_modules/next/dist/shared/lib/server-inserted-html.shared-runtime.d.ts(1,8): error TS1259: Module '"/Users/user/Documents/Command Center Cockpit/Canopi_Antigravity/canopi---intel-excels/node_modules/@types/react/index"' can only be default-imported using the 'esModuleInterop' flag
node_modules/next/dist/shared/lib/utils.d.ts(10,13): error TS1192: Module '"fs"' has no default export.
node_modules/next/dist/types.d.ts(8,13): error TS1259: Module '"/Users/user/Documents/Command Center Cockpit/Canopi_Antigravity/canopi---intel-excels/node_modules/@types/react/index"' can only be default-imported using the 'esModuleInterop' flag
src/data/accountsData.ts(1257,231): error TS2322: Type '"A ativar"' is not assignable to type '"Ativo" | "Frio" | "Em Risco" | "A desenvolver" | "A mapear"'.
src/data/accountsData.ts(1274,66): error TS2322: Type '"Paid Media"' is not assignable to type '"ABM" | "ABX" | "Híbrido" | "Nenhum"'.
src/data/accountsData.ts(1484,294): error TS2322: Type '"CX"' is not assignable to type '"Decisor" | "Influenciador" | "Champion" | "Sponsor" | "Blocker" | "Técnico" | "Negócio"'.
src/lib/scoringRepository.ts(102,7): error TS2367: This comparison appears to be unintentional because the types '"Alto" | "Saudável" | "Atenção"' and '"Crítico"' have no overlap.
src/pages/AccountProfile.tsx(3,8): error TS1259: Module '"/Users/user/Documents/Command Center Cockpit/Canopi_Antigravity/canopi---intel-excels/node_modules/@types/react/index"' can only be default-imported using the 'esModuleInterop' flag
src/pages/AccountProfile.tsx(21,34): error TS6142: Module '../context/AccountDetailContext' was resolved to '/Users/user/Documents/Command Center Cockpit/Canopi_Antigravity/canopi---intel-excels/src/context/AccountDetailContext.tsx', but '--jsx' is not set.
src/pages/AccountProfile.tsx(33,5): error TS17004: Cannot use JSX unless the '--jsx' flag is provided.
src/pages/AccountProfile.tsx(34,7): error TS17004: Cannot use JSX unless the '--jsx' flag is provided.
src/pages/AccountProfile.tsx(35,9): error TS17004: Cannot use JSX unless the '--jsx' flag is provided.
src/pages/AccountProfile.tsx(36,9): error TS17004: Cannot use JSX unless the '--jsx' flag is provided.
src/pages/AccountProfile.tsx(38,7): error TS17004: Cannot use JSX unless the '--jsx' flag is provided.
src/pages/AccountProfile.tsx(39,9): error TS17004: Cannot use JSX unless the '--jsx' flag is provided.
src/pages/AccountProfile.tsx(53,5): error TS17004: Cannot use JSX unless the '--jsx' flag is provided.
src/pages/AccountProfile.tsx(55,10): error TS17004: Cannot use JSX unless the '--jsx' flag is provided.
src/pages/AccountProfile.tsx(57,8): error TS17004: Cannot use JSX unless the '--jsx' flag is provided.
src/pages/AccountProfile.tsx(61,11): error TS17004: Cannot use JSX unless the '--jsx' flag is provided.
src/pages/AccountProfile.tsx(62,14): error TS17004: Cannot use JSX unless the '--jsx' flag is provided.
src/pages/AccountProfile.tsx(65,14): error TS17004: Cannot use JSX unless the '--jsx' flag is provided.
src/pages/AccountProfile.tsx(66,17): error TS17004: Cannot use JSX unless the '--jsx' flag is provided.
src/pages/AccountProfile.tsx(67,17): error TS17004: Cannot use JSX unless the '--jsx' flag is provided.
src/pages/AccountProfile.tsx(70,11): error TS17004: Cannot use JSX unless the '--jsx' flag is provided.
src/pages/AccountProfile.tsx(71,14): error TS17004: Cannot use JSX unless the '--jsx' flag is provided.
src/pages/AccountProfile.tsx(72,14): error TS17004: Cannot use JSX unless the '--jsx' flag is provided.
src/pages/AccountProfile.tsx(201,7): error TS17004: Cannot use JSX unless the '--jsx' flag is provided.
src/pages/AccountProfile.tsx(203,11): error TS17004: Cannot use JSX unless the '--jsx' flag is provided.
src/pages/AccountProfile.tsx(204,13): error TS17004: Cannot use JSX unless the '--jsx' flag is provided.
src/pages/AccountProfile.tsx(205,13): error TS17004: Cannot use JSX unless the '--jsx' flag is provided.
src/pages/AccountProfile.tsx(219,7): error TS17004: Cannot use JSX unless the '--jsx' flag is provided.
src/pages/AccountProfile.tsx(221,12): error TS17004: Cannot use JSX unless the '--jsx' flag is provided.
src/pages/AccountProfile.tsx(222,15): error TS17004: Cannot use JSX unless the '--jsx' flag is provided.
src/pages/AccountProfile.tsx(223,18): error TS17004: Cannot use JSX unless the '--jsx' flag is provided.
src/pages/AccountProfile.tsx(227,15): error TS17004: Cannot use JSX unless the '--jsx' flag is provided.
src/pages/AccountProfile.tsx(228,18): error TS17004: Cannot use JSX unless the '--jsx' flag is provided.
src/pages/AccountProfile.tsx(229,21): error TS17004: Cannot use JSX unless the '--jsx' flag is provided.
src/pages/AccountProfile.tsx(230,21): error TS17004: Cannot use JSX unless the '--jsx' flag is provided.
src/pages/AccountProfile.tsx(276,23): error TS17004: Cannot use JSX unless the '--jsx' flag is provided.
src/pages/AccountProfile.tsx(277,24): error TS17004: Cannot use JSX unless the '--jsx' flag is provided.
src/pages/AccountProfile.tsx(280,5): error TS17004: Cannot use JSX unless the '--jsx' flag is provided.
src/pages/AccountProfile.tsx(282,7): error TS17004: Cannot use JSX unless the '--jsx' flag is provided.
src/pages/AccountProfile.tsx(283,9): error TS17004: Cannot use JSX unless the '--jsx' flag is provided.
src/pages/AccountProfile.tsx(284,11): error TS17004: Cannot use JSX unless the '--jsx' flag is provided.
src/pages/AccountProfile.tsx(285,13): error TS17004: Cannot use JSX unless the '--jsx' flag is provided.
src/pages/AccountProfile.tsx(286,15): error TS17004: Cannot use JSX unless the '--jsx' flag is provided.
src/pages/AccountProfile.tsx(288,13): error TS17004: Cannot use JSX unless the '--jsx' flag is provided.
src/pages/AccountProfile.tsx(289,15): error TS17004: Cannot use JSX unless the '--jsx' flag is provided.
src/pages/AccountProfile.tsx(292,15): error TS17004: Cannot use JSX unless the '--jsx' flag is provided.
src/pages/AccountProfile.tsx(293,17): error TS17004: Cannot use JSX unless the '--jsx' flag is provided.
src/pages/AccountProfile.tsx(294,17): error TS17004: Cannot use JSX unless the '--jsx' flag is provided.
src/pages/AccountProfile.tsx(295,19): error TS17004: Cannot use JSX unless the '--jsx' flag is provided.
src/pages/AccountProfile.tsx(300,11): error TS17004: Cannot use JSX unless the '--jsx' flag is provided.
src/pages/AccountProfile.tsx(302,15): error TS17004: Cannot use JSX unless the '--jsx' flag is provided.
src/pages/AccountProfile.tsx(304,13): error TS17004: Cannot use JSX unless the '--jsx' flag is provided.
src/pages/AccountProfile.tsx(307,13): error TS17004: Cannot use JSX unless the '--jsx' flag is provided.
src/pages/AccountProfile.tsx(314,7): error TS17004: Cannot use JSX unless the '--jsx' flag is provided.
src/pages/AccountProfile.tsx(317,9): error TS17004: Cannot use JSX unless the '--jsx' flag is provided.
src/pages/AccountProfile.tsx(319,11): error TS17004: Cannot use JSX unless the '--jsx' flag is provided.
src/pages/AccountProfile.tsx(320,13): error TS17004: Cannot use JSX unless the '--jsx' flag is provided.
src/pages/AccountProfile.tsx(321,15): error TS17004: Cannot use JSX unless the '--jsx' flag is provided.
src/pages/AccountProfile.tsx(322,18): error TS17004: Cannot use JSX unless the '--jsx' flag is provided.
src/pages/AccountProfile.tsx(323,18): error TS17004: Cannot use JSX unless the '--jsx' flag is provided.
src/pages/AccountProfile.tsx(325,15): error TS17004: Cannot use JSX unless the '--jsx' flag is provided.
src/pages/AccountProfile.tsx(326,18): error TS17004: Cannot use JSX unless the '--jsx' flag is provided.
src/pages/AccountProfile.tsx(327,18): error TS17004: Cannot use JSX unless the '--jsx' flag is provided.
src/pages/AccountProfile.tsx(331,13): error TS17004: Cannot use JSX unless the '--jsx' flag is provided.
src/pages/AccountProfile.tsx(332,16): error TS17004: Cannot use JSX unless the '--jsx' flag is provided.
src/pages/AccountProfile.tsx(333,19): error TS17004: Cannot use JSX unless the '--jsx' flag is provided.
src/pages/AccountProfile.tsx(334,22): error TS17004: Cannot use JSX unless the '--jsx' flag is provided.
src/pages/AccountProfile.tsx(336,19): error TS17004: Cannot use JSX unless the '--jsx' flag is provided.
src/pages/AccountProfile.tsx(338,16): error TS17004: Cannot use JSX unless the '--jsx' flag is provided.
src/pages/AccountProfile.tsx(339,19): error TS17004: Cannot use JSX unless the '--jsx' flag is provided.
src/pages/AccountProfile.tsx(340,22): error TS17004: Cannot use JSX unless the '--jsx' flag is provided.
src/pages/AccountProfile.tsx(342,19): error TS17004: Cannot use JSX unless the '--jsx' flag is provided.
src/pages/AccountProfile.tsx(346,15): error TS17004: Cannot use JSX unless the '--jsx' flag is provided.
src/pages/AccountProfile.tsx(347,17): error TS17004: Cannot use JSX unless the '--jsx' flag is provided.
src/pages/AccountProfile.tsx(348,19): error TS17004: Cannot use JSX unless the '--jsx' flag is provided.
src/pages/AccountProfile.tsx(349,19): error TS17004: Cannot use JSX unless the '--jsx' flag is provided.
src/pages/AccountProfile.tsx(351,17): error TS17004: Cannot use JSX unless the '--jsx' flag is provided.
src/pages/AccountProfile.tsx(352,19): error TS17004: Cannot use JSX unless the '--jsx' flag is provided.
src/pages/AccountProfile.tsx(353,19): error TS17004: Cannot use JSX unless the '--jsx' flag is provided.
src/pages/AccountProfile.tsx(355,17): error TS17004: Cannot use JSX unless the '--jsx' flag is provided.
src/pages/AccountProfile.tsx(356,19): error TS17004: Cannot use JSX unless the '--jsx' flag is provided.
src/pages/AccountProfile.tsx(357,19): error TS17004: Cannot use JSX unless the '--jsx' flag is provided.
src/pages/AccountProfile.tsx(359,17): error TS17004: Cannot use JSX unless the '--jsx' flag is provided.
src/pages/AccountProfile.tsx(360,19): error TS17004: Cannot use JSX unless the '--jsx' flag is provided.
src/pages/AccountProfile.tsx(361,19): error TS17004: Cannot use JSX unless the '--jsx' flag is provided.
src/pages/AccountProfile.tsx(365,15): error TS17004: Cannot use JSX unless the '--jsx' flag is provided.
src/pages/AccountProfile.tsx(366,18): error TS17004: Cannot use JSX unless the '--jsx' flag is provided.
src/pages/AccountProfile.tsx(367,21): error TS17004: Cannot use JSX unless the '--jsx' flag is provided.
src/pages/AccountProfile.tsx(368,21): error TS17004: Cannot use JSX unless the '--jsx' flag is provided.
src/pages/AccountProfile.tsx(370,18): error TS17004: Cannot use JSX unless the '--jsx' flag is provided.
src/pages/AccountProfile.tsx(371,21): error TS17004: Cannot use JSX unless the '--jsx' flag is provided.
src/pages/AccountProfile.tsx(372,24): error TS17004: Cannot use JSX unless the '--jsx' flag is provided.
src/pages/AccountProfile.tsx(375,24): error TS17004: Cannot use JSX unless the '--jsx' flag is provided.
src/pages/AccountProfile.tsx(376,27): error TS17004: Cannot use JSX unless the '--jsx' flag is provided.
src/pages/AccountProfile.tsx(377,27): error TS17004: Cannot use JSX unless the '--jsx' flag is provided.
src/pages/AccountProfile.tsx(381,24): error TS17004: Cannot use JSX unless the '--jsx' flag is provided.
src/pages/AccountProfile.tsx(383,29): error TS17004: Cannot use JSX unless the '--jsx' flag is provided.
src/pages/AccountProfile.tsx(391,15): error TS17004: Cannot use JSX unless the '--jsx' flag is provided.
src/pages/AccountProfile.tsx(392,18): error TS17004: Cannot use JSX unless the '--jsx' flag is provided.
src/pages/AccountProfile.tsx(393,21): error TS17004: Cannot use JSX unless the '--jsx' flag is provided.
src/pages/AccountProfile.tsx(394,24): error TS17004: Cannot use JSX unless the '--jsx' flag is provided.
src/pages/AccountProfile.tsx(396,21): error TS17004: Cannot use JSX unless the '--jsx' flag is provided.
src/pages/AccountProfile.tsx(400,18): error TS17004: Cannot use JSX unless the '--jsx' flag is provided.
src/pages/AccountProfile.tsx(401,21): error TS17004: Cannot use JSX unless the '--jsx' flag is provided.
src/pages/AccountProfile.tsx(405,15): error TS17004: Cannot use JSX unless the '--jsx' flag is provided.
src/pages/AccountProfile.tsx(406,18): error TS17004: Cannot use JSX unless the '--jsx' flag is provided.
src/pages/AccountProfile.tsx(407,21): error TS17004: Cannot use JSX unless the '--jsx' flag is provided.
src/pages/AccountProfile.tsx(408,21): error TS17004: Cannot use JSX unless the '--jsx' flag is provided.
src/pages/AccountProfile.tsx(410,18): error TS17004: Cannot use JSX unless the '--jsx' flag is provided.
src/pages/AccountProfile.tsx(414,23): error TS17004: Cannot use JSX unless the '--jsx' flag is provided.
src/pages/AccountProfile.tsx(415,25): error TS17004: Cannot use JSX unless the '--jsx' flag is provided.
src/pages/AccountProfile.tsx(416,25): error TS17004: Cannot use JSX unless the '--jsx' flag is provided.
src/pages/AccountProfile.tsx(417,25): error TS17004: Cannot use JSX unless the '--jsx' flag is provided.
src/pages/AccountProfile.tsx(419,30): error TS17004: Cannot use JSX unless the '--jsx' flag is provided.
src/pages/AccountProfile.tsx(429,11): error TS17004: Cannot use JSX unless the '--jsx' flag is provided.
src/pages/AccountProfile.tsx(430,14): error TS17004: Cannot use JSX unless the '--jsx' flag is provided.
src/pages/AccountProfile.tsx(431,17): error TS17004: Cannot use JSX unless the '--jsx' flag is provided.
src/pages/AccountProfile.tsx(433,14): error TS17004: Cannot use JSX unless the '--jsx' flag is provided.
src/pages/AccountProfile.tsx(434,17): error TS17004: Cannot use JSX unless the '--jsx' flag is provided.
src/pages/AccountProfile.tsx(436,14): error TS17004: Cannot use JSX unless the '--jsx' flag is provided.
src/pages/AccountProfile.tsx(438,19): error TS17004: Cannot use JSX unless the '--jsx' flag is provided.
src/pages/AccountProfile.tsx(439,21): error TS17004: Cannot use JSX unless the '--jsx' flag is provided.
src/pages/AccountProfile.tsx(440,21): error TS17004: Cannot use JSX unless the '--jsx' flag is provided.
src/pages/AccountProfile.tsx(441,58): error TS17004: Cannot use JSX unless the '--jsx' flag is provided.
src/pages/AccountProfile.tsx(447,19): error TS17004: Cannot use JSX unless the '--jsx' flag is provided.
src/pages/AccountProfile.tsx(448,21): error TS17004: Cannot use JSX unless the '--jsx' flag is provided.
src/pages/AccountProfile.tsx(449,21): error TS17004: Cannot use JSX unless the '--jsx' flag is provided.
src/pages/AccountProfile.tsx(450,63): error TS17004: Cannot use JSX unless the '--jsx' flag is provided.
src/pages/AccountProfile.tsx(450,151): error TS17004: Cannot use JSX unless the '--jsx' flag is provided.
src/pages/AccountProfile.tsx(456,19): error TS17004: Cannot use JSX unless the '--jsx' flag is provided.
src/pages/AccountProfile.tsx(457,21): error TS17004: Cannot use JSX unless the '--jsx' flag is provided.
src/pages/AccountProfile.tsx(458,21): error TS17004: Cannot use JSX unless the '--jsx' flag is provided.
src/pages/AccountProfile.tsx(459,58): error TS17004: Cannot use JSX unless the '--jsx' flag is provided.
src/pages/AccountProfile.tsx(459,144): error TS17004: Cannot use JSX unless the '--jsx' flag is provided.
src/pages/AccountProfile.tsx(465,19): error TS17004: Cannot use JSX unless the '--jsx' flag is provided.
src/pages/AccountProfile.tsx(466,21): error TS17004: Cannot use JSX unless the '--jsx' flag is provided.
src/pages/AccountProfile.tsx(467,21): error TS17004: Cannot use JSX unless the '--jsx' flag is provided.
src/pages/AccountProfile.tsx(468,63): error TS17004: Cannot use JSX unless the '--jsx' flag is provided.
src/pages/AccountProfile.tsx(476,11): error TS17004: Cannot use JSX unless the '--jsx' flag is provided.
src/pages/AccountProfile.tsx(477,13): error TS17004: Cannot use JSX unless the '--jsx' flag is provided.
src/pages/AccountProfile.tsx(478,15): error TS17004: Cannot use JSX unless the '--jsx' flag is provided.
src/pages/AccountProfile.tsx(479,18): error TS17004: Cannot use JSX unless the '--jsx' flag is provided.
src/pages/AccountProfile.tsx(481,15): error TS17004: Cannot use JSX unless the '--jsx' flag is provided.
src/pages/AccountProfile.tsx(482,49): error TS17004: Cannot use JSX unless the '--jsx' flag is provided.
src/pages/AccountProfile.tsx(482,77): error TS17004: Cannot use JSX unless the '--jsx' flag is provided.
src/pages/AccountProfile.tsx(487,15): error TS17004: Cannot use JSX unless the '--jsx' flag is provided.
src/pages/AccountProfile.tsx(488,18): error TS17004: Cannot use JSX unless the '--jsx' flag is provided.
src/pages/AccountProfile.tsx(495,18): error TS17004: Cannot use JSX unless the '--jsx' flag is provided.
src/pages/AccountProfile.tsx(499,13): error TS17004: Cannot use JSX unless the '--jsx' flag is provided.
src/pages/AccountProfile.tsx(501,17): error TS17004: Cannot use JSX unless the '--jsx' flag is provided.
src/pages/AccountProfile.tsx(502,19): error TS17004: Cannot use JSX unless the '--jsx' flag is provided.
src/pages/AccountProfile.tsx(505,19): error TS17004: Cannot use JSX unless the '--jsx' flag is provided.
src/pages/AccountProfile.tsx(506,22): error TS17004: Cannot use JSX unless the '--jsx' flag is provided.
src/pages/AccountProfile.tsx(510,49): error TS17004: Cannot use JSX unless the '--jsx' flag is provided.
src/pages/AccountProfile.tsx(515,11): error TS17004: Cannot use JSX unless the '--jsx' flag is provided.
src/pages/AccountProfile.tsx(516,14): error TS17004: Cannot use JSX unless the '--jsx' flag is provided.
src/pages/AccountProfile.tsx(517,17): error TS17004: Cannot use JSX unless the '--jsx' flag is provided.
src/pages/AccountProfile.tsx(520,14): error TS17004: Cannot use JSX unless the '--jsx' flag is provided.
src/pages/AccountProfile.tsx(521,17): error TS17004: Cannot use JSX unless the '--jsx' flag is provided.
src/pages/AccountProfile.tsx(522,20): error TS17004: Cannot use JSX unless the '--jsx' flag is provided.
src/pages/AccountProfile.tsx(523,24): error TS17004: Cannot use JSX unless the '--jsx' flag is provided.
src/pages/AccountProfile.tsx(525,20): error TS17004: Cannot use JSX unless the '--jsx' flag is provided.
src/pages/AccountProfile.tsx(527,17): error TS17004: Cannot use JSX unless the '--jsx' flag is provided.
src/pages/AccountProfile.tsx(528,20): error TS17004: Cannot use JSX unless the '--jsx' flag is provided.
src/pages/AccountProfile.tsx(529,23): error TS17004: Cannot use JSX unless the '--jsx' flag is provided.
src/pages/AccountProfile.tsx(531,20): error TS17004: Cannot use JSX unless the '--jsx' flag is provided.
src/pages/AccountProfile.tsx(533,26): error TS17004: Cannot use JSX unless the '--jsx' flag is provided.
src/pages/AccountProfile.tsx(539,14): error TS17004: Cannot use JSX unless the '--jsx' flag is provided.
src/pages/AccountProfile.tsx(540,17): error TS17004: Cannot use JSX unless the '--jsx' flag is provided.
src/pages/AccountProfile.tsx(541,20): error TS17004: Cannot use JSX unless the '--jsx' flag is provided.
src/pages/AccountProfile.tsx(543,17): error TS17004: Cannot use JSX unless the '--jsx' flag is provided.
src/pages/AccountProfile.tsx(545,23): error TS17004: Cannot use JSX unless the '--jsx' flag is provided.
src/pages/AccountProfile.tsx(546,26): error TS17004: Cannot use JSX unless the '--jsx' flag is provided.
src/pages/AccountProfile.tsx(547,29): error TS17004: Cannot use JSX unless the '--jsx' flag is provided.
src/pages/AccountProfile.tsx(548,29): error TS17004: Cannot use JSX unless the '--jsx' flag is provided.
src/pages/AccountProfile.tsx(550,26): error TS17004: Cannot use JSX unless the '--jsx' flag is provided.
src/pages/AccountProfile.tsx(551,26): error TS17004: Cannot use JSX unless the '--jsx' flag is provided.
src/pages/AccountProfile.tsx(559,11): error TS17004: Cannot use JSX unless the '--jsx' flag is provided.
src/pages/AccountProfile.tsx(560,14): error TS17004: Cannot use JSX unless the '--jsx' flag is provided.
src/pages/AccountProfile.tsx(561,17): error TS17004: Cannot use JSX unless the '--jsx' flag is provided.
src/pages/AccountProfile.tsx(563,14): error TS17004: Cannot use JSX unless the '--jsx' flag is provided.
src/pages/AccountProfile.tsx(565,20): error TS17004: Cannot use JSX unless the '--jsx' flag is provided.
src/pages/AccountProfile.tsx(566,23): error TS17004: Cannot use JSX unless the '--jsx' flag is provided.
src/pages/AccountProfile.tsx(567,23): error TS17004: Cannot use JSX unless the '--jsx' flag is provided.
src/pages/AccountProfile.tsx(568,23): error TS17004: Cannot use JSX unless the '--jsx' flag is provided.
src/pages/AccountProfile.tsx(569,23): error TS17004: Cannot use JSX unless the '--jsx' flag is provided.
src/pages/AccountProfile.tsx(577,9): error TS17004: Cannot use JSX unless the '--jsx' flag is provided.
src/pages/AccountProfile.tsx(580,11): error TS17004: Cannot use JSX unless the '--jsx' flag is provided.
src/pages/AccountProfile.tsx(581,13): error TS17004: Cannot use JSX unless the '--jsx' flag is provided.
src/pages/AccountProfile.tsx(582,16): error TS17004: Cannot use JSX unless the '--jsx' flag is provided.
src/pages/AccountProfile.tsx(584,13): error TS17004: Cannot use JSX unless the '--jsx' flag is provided.
src/pages/AccountProfile.tsx(585,15): error TS17004: Cannot use JSX unless the '--jsx' flag is provided.
src/pages/AccountProfile.tsx(586,17): error TS17004: Cannot use JSX unless the '--jsx' flag is provided.
src/pages/AccountProfile.tsx(589,17): error TS17004: Cannot use JSX unless the '--jsx' flag is provided.
src/pages/AccountProfile.tsx(591,15): error TS17004: Cannot use JSX unless the '--jsx' flag is provided.
src/pages/AccountProfile.tsx(594,15): error TS17004: Cannot use JSX unless the '--jsx' flag is provided.
src/pages/AccountProfile.tsx(597,15): error TS17004: Cannot use JSX unless the '--jsx' flag is provided.
src/pages/AccountProfile.tsx(598,17): error TS17004: Cannot use JSX unless the '--jsx' flag is provided.
src/pages/AccountProfile.tsx(609,17): error TS17004: Cannot use JSX unless the '--jsx' flag is provided.
src/pages/AccountProfile.tsx(611,22): error TS17004: Cannot use JSX unless the '--jsx' flag is provided.
src/pages/AccountProfile.tsx(621,11): error TS17004: Cannot use JSX unless the '--jsx' flag is provided.
src/pages/AccountProfile.tsx(628,15): error TS17004: Cannot use JSX unless the '--jsx' flag is provided.
src/pages/AccountProfile.tsx(633,17): error TS17004: Cannot use JSX unless the '--jsx' flag is provided.
src/pages/AccountProfile.tsx(638,11): error TS17004: Cannot use JSX unless the '--jsx' flag is provided.
src/pages/AccountProfile.tsx(640,15): error TS17004: Cannot use JSX unless the '--jsx' flag is provided.
src/pages/AccountProfile.tsx(643,17): error TS17004: Cannot use JSX unless the '--jsx' flag is provided.
src/pages/AccountProfile.tsx(644,20): error TS17004: Cannot use JSX unless the '--jsx' flag is provided.
src/pages/AccountProfile.tsx(645,23): error TS17004: Cannot use JSX unless the '--jsx' flag is provided.
src/pages/AccountProfile.tsx(648,20): error TS17004: Cannot use JSX unless the '--jsx' flag is provided.
src/pages/AccountProfile.tsx(649,22): error TS17004: Cannot use JSX unless the '--jsx' flag is provided.
src/pages/AccountProfile.tsx(650,25): error TS17004: Cannot use JSX unless the '--jsx' flag is provided.
src/pages/AccountProfile.tsx(651,28): error TS17004: Cannot use JSX unless the '--jsx' flag is provided.
src/pages/AccountProfile.tsx(653,25): error TS17004: Cannot use JSX unless the '--jsx' flag is provided.
src/pages/AccountProfile.tsx(654,28): error TS17004: Cannot use JSX unless the '--jsx' flag is provided.
src/pages/AccountProfile.tsx(655,28): error TS17004: Cannot use JSX unless the '--jsx' flag is provided.
src/pages/AccountProfile.tsx(658,22): error TS17004: Cannot use JSX unless the '--jsx' flag is provided.
src/pages/AccountProfile.tsx(661,20): error TS17004: Cannot use JSX unless the '--jsx' flag is provided.
src/pages/AccountProfile.tsx(663,23): error TS17004: Cannot use JSX unless the '--jsx' flag is provided.
src/pages/AccountProfile.tsx(664,26): error TS17004: Cannot use JSX unless the '--jsx' flag is provided.
src/pages/AccountProfile.tsx(665,29): error TS17004: Cannot use JSX unless the '--jsx' flag is provided.
src/pages/AccountProfile.tsx(666,32): error TS17004: Cannot use JSX unless the '--jsx' flag is provided.
src/pages/AccountProfile.tsx(667,32): error TS17004: Cannot use JSX unless the '--jsx' flag is provided.
src/pages/AccountProfile.tsx(669,29): error TS17004: Cannot use JSX unless the '--jsx' flag is provided.
src/pages/AccountProfile.tsx(671,26): error TS17004: Cannot use JSX unless the '--jsx' flag is provided.
src/pages/AccountProfile.tsx(676,26): error TS17004: Cannot use JSX unless the '--jsx' flag is provided.
src/pages/AccountProfile.tsx(677,29): error TS17004: Cannot use JSX unless the '--jsx' flag is provided.
src/pages/AccountProfile.tsx(678,32): error TS17004: Cannot use JSX unless the '--jsx' flag is provided.
src/pages/AccountProfile.tsx(679,32): error TS17004: Cannot use JSX unless the '--jsx' flag is provided.
src/pages/AccountProfile.tsx(681,29): error TS17004: Cannot use JSX unless the '--jsx' flag is provided.
src/pages/AccountProfile.tsx(682,32): error TS17004: Cannot use JSX unless the '--jsx' flag is provided.
src/pages/AccountProfile.tsx(683,32): error TS17004: Cannot use JSX unless the '--jsx' flag is provided.
src/pages/AccountProfile.tsx(686,27): error TS17004: Cannot use JSX unless the '--jsx' flag is provided.
src/pages/AccountProfile.tsx(718,24): error TS17004: Cannot use JSX unless the '--jsx' flag is provided.
src/pages/AccountProfile.tsx(719,27): error TS17004: Cannot use JSX unless the '--jsx' flag is provided.
src/pages/AccountProfile.tsx(720,30): error TS17004: Cannot use JSX unless the '--jsx' flag is provided.
src/pages/AccountProfile.tsx(721,33): error TS17004: Cannot use JSX unless the '--jsx' flag is provided.
src/pages/AccountProfile.tsx(722,33): error TS17004: Cannot use JSX unless the '--jsx' flag is provided.
src/pages/AccountProfile.tsx(724,30): error TS17004: Cannot use JSX unless the '--jsx' flag is provided.
src/pages/AccountProfile.tsx(726,27): error TS17004: Cannot use JSX unless the '--jsx' flag is provided.
src/pages/AccountProfile.tsx(731,27): error TS17004: Cannot use JSX unless the '--jsx' flag is provided.
src/pages/AccountProfile.tsx(732,30): error TS17004: Cannot use JSX unless the '--jsx' flag is provided.
src/pages/AccountProfile.tsx(733,33): error TS17004: Cannot use JSX unless the '--jsx' flag is provided.
src/pages/AccountProfile.tsx(734,33): error TS17004: Cannot use JSX unless the '--jsx' flag is provided.
src/pages/AccountProfile.tsx(736,30): error TS17004: Cannot use JSX unless the '--jsx' flag is provided.
src/pages/AccountProfile.tsx(737,33): error TS17004: Cannot use JSX unless the '--jsx' flag is provided.
src/pages/AccountProfile.tsx(738,33): error TS17004: Cannot use JSX unless the '--jsx' flag is provided.
src/pages/AccountProfile.tsx(741,27): error TS17004: Cannot use JSX unless the '--jsx' flag is provided.
src/pages/AccountProfile.tsx(773,24): error TS17004: Cannot use JSX unless the '--jsx' flag is provided.
src/pages/AccountProfile.tsx(774,27): error TS17004: Cannot use JSX unless the '--jsx' flag is provided.
src/pages/AccountProfile.tsx(775,30): error TS17004: Cannot use JSX unless the '--jsx' flag is provided.
src/pages/AccountProfile.tsx(776,33): error TS17004: Cannot use JSX unless the '--jsx' flag is provided.
src/pages/AccountProfile.tsx(777,33): error TS17004: Cannot use JSX unless the '--jsx' flag is provided.
src/pages/AccountProfile.tsx(779,30): error TS17004: Cannot use JSX unless the '--jsx' flag is provided.
src/pages/AccountProfile.tsx(781,27): error TS17004: Cannot use JSX unless the '--jsx' flag is provided.
src/pages/AccountProfile.tsx(784,27): error TS17004: Cannot use JSX unless the '--jsx' flag is provided.
src/pages/AccountProfile.tsx(785,30): error TS17004: Cannot use JSX unless the '--jsx' flag is provided.
src/pages/AccountProfile.tsx(786,33): error TS17004: Cannot use JSX unless the '--jsx' flag is provided.
src/pages/AccountProfile.tsx(787,33): error TS17004: Cannot use JSX unless the '--jsx' flag is provided.
src/pages/AccountProfile.tsx(789,30): error TS17004: Cannot use JSX unless the '--jsx' flag is provided.
src/pages/AccountProfile.tsx(790,33): error TS17004: Cannot use JSX unless the '--jsx' flag is provided.
src/pages/AccountProfile.tsx(791,33): error TS17004: Cannot use JSX unless the '--jsx' flag is provided.
src/pages/AccountProfile.tsx(794,27): error TS17004: Cannot use JSX unless the '--jsx' flag is provided.
src/pages/AccountProfile.tsx(827,17): error TS17004: Cannot use JSX unless the '--jsx' flag is provided.
src/pages/AccountProfile.tsx(829,19): error TS17004: Cannot use JSX unless the '--jsx' flag is provided.
src/pages/AccountProfile.tsx(830,21): error TS17004: Cannot use JSX unless the '--jsx' flag is provided.
src/pages/AccountProfile.tsx(831,23): error TS17004: Cannot use JSX unless the '--jsx' flag is provided.
src/pages/AccountProfile.tsx(832,25): error TS17004: Cannot use JSX unless the '--jsx' flag is provided.
src/pages/AccountProfile.tsx(834,23): error TS17004: Cannot use JSX unless the '--jsx' flag is provided.
src/pages/AccountProfile.tsx(836,21): error TS17004: Cannot use JSX unless the '--jsx' flag is provided.
src/pages/AccountProfile.tsx(838,25): error TS17004: Cannot use JSX unless the '--jsx' flag is provided.
src/pages/AccountProfile.tsx(839,28): error TS17004: Cannot use JSX unless the '--jsx' flag is provided.
src/pages/AccountProfile.tsx(840,60): error TS17004: Cannot use JSX unless the '--jsx' flag is provided.
src/pages/AccountProfile.tsx(841,60): error TS17004: Cannot use JSX unless the '--jsx' flag is provided.
src/pages/AccountProfile.tsx(842,32): error TS17004: Cannot use JSX unless the '--jsx' flag is provided.
src/pages/AccountProfile.tsx(844,28): error TS17004: Cannot use JSX unless the '--jsx' flag is provided.
src/pages/AccountProfile.tsx(845,28): error TS17004: Cannot use JSX unless the '--jsx' flag is provided.
src/pages/AccountProfile.tsx(846,28): error TS17004: Cannot use JSX unless the '--jsx' flag is provided.
src/pages/AccountProfile.tsx(853,19): error TS17004: Cannot use JSX unless the '--jsx' flag is provided.
src/pages/AccountProfile.tsx(854,21): error TS17004: Cannot use JSX unless the '--jsx' flag is provided.
src/pages/AccountProfile.tsx(855,24): error TS17004: Cannot use JSX unless the '--jsx' flag is provided.
src/pages/AccountProfile.tsx(857,21): error TS17004: Cannot use JSX unless the '--jsx' flag is provided.
src/pages/AccountProfile.tsx(859,26): error TS17004: Cannot use JSX unless the '--jsx' flag is provided.
src/pages/AccountProfile.tsx(860,29): error TS17004: Cannot use JSX unless the '--jsx' flag is provided.
src/pages/AccountProfile.tsx(861,32): error TS17004: Cannot use JSX unless the '--jsx' flag is provided.
src/pages/AccountProfile.tsx(862,32): error TS17004: Cannot use JSX unless the '--jsx' flag is provided.
src/pages/AccountProfile.tsx(864,29): error TS17004: Cannot use JSX unless the '--jsx' flag is provided.
src/pages/AccountProfile.tsx(865,29): error TS17004: Cannot use JSX unless the '--jsx' flag is provided.
src/pages/AccountProfile.tsx(866,29): error TS17004: Cannot use JSX unless the '--jsx' flag is provided.
src/pages/AccountProfile.tsx(867,32): error TS17004: Cannot use JSX unless the '--jsx' flag is provided.
src/pages/AccountProfile.tsx(868,32): error TS17004: Cannot use JSX unless the '--jsx' flag is provided.
src/pages/AccountProfile.tsx(873,26): error TS17004: Cannot use JSX unless the '--jsx' flag is provided.
src/pages/AccountProfile.tsx(874,29): error TS17004: Cannot use JSX unless the '--jsx' flag is provided.
src/pages/AccountProfile.tsx(875,29): error TS17004: Cannot use JSX unless the '--jsx' flag is provided.
src/pages/AccountProfile.tsx(875,140): error TS17004: Cannot use JSX unless the '--jsx' flag is provided.
src/pages/AccountProfile.tsx(885,15): error TS17004: Cannot use JSX unless the '--jsx' flag is provided.
src/pages/AccountProfile.tsx(888,17): error TS17004: Cannot use JSX unless the '--jsx' flag is provided.
src/pages/AccountProfile.tsx(889,19): error TS17004: Cannot use JSX unless the '--jsx' flag is provided.
src/pages/AccountProfile.tsx(890,21): error TS17004: Cannot use JSX unless the '--jsx' flag is provided.
src/pages/AccountProfile.tsx(891,21): error TS17004: Cannot use JSX unless the '--jsx' flag is provided.
src/pages/AccountProfile.tsx(894,19): error TS17004: Cannot use JSX unless the '--jsx' flag is provided.
src/pages/AccountProfile.tsx(896,21): error TS17004: Cannot use JSX unless the '--jsx' flag is provided.
src/pages/AccountProfile.tsx(897,23): error TS17004: Cannot use JSX unless the '--jsx' flag is provided.
src/pages/AccountProfile.tsx(898,25): error TS17004: Cannot use JSX unless the '--jsx' flag is provided.
src/pages/AccountProfile.tsx(899,25): error TS17004: Cannot use JSX unless the '--jsx' flag is provided.
src/pages/AccountProfile.tsx(901,23): error TS17004: Cannot use JSX unless the '--jsx' flag is provided.
src/pages/AccountProfile.tsx(903,27): error TS17004: Cannot use JSX unless the '--jsx' flag is provided.
src/pages/AccountProfile.tsx(904,29): error TS17004: Cannot use JSX unless the '--jsx' flag is provided.
src/pages/AccountProfile.tsx(907,29): error TS17004: Cannot use JSX unless the '--jsx' flag is provided.
src/pages/AccountProfile.tsx(908,31): error TS17004: Cannot use JSX unless the '--jsx' flag is provided.
src/pages/AccountProfile.tsx(909,31): error TS17004: Cannot use JSX unless the '--jsx' flag is provided.
src/pages/AccountProfile.tsx(913,56): error TS17004: Cannot use JSX unless the '--jsx' flag is provided.
src/pages/AccountProfile.tsx(918,21): error TS17004: Cannot use JSX unless the '--jsx' flag is provided.
src/pages/AccountProfile.tsx(919,23): error TS17004: Cannot use JSX unless the '--jsx' flag is provided.
src/pages/AccountProfile.tsx(920,25): error TS17004: Cannot use JSX unless the '--jsx' flag is provided.
src/pages/AccountProfile.tsx(921,25): error TS17004: Cannot use JSX unless the '--jsx' flag is provided.
src/pages/AccountProfile.tsx(923,23): error TS17004: Cannot use JSX unless the '--jsx' flag is provided.
src/pages/AccountProfile.tsx(925,27): error TS17004: Cannot use JSX unless the '--jsx' flag is provided.
src/pages/AccountProfile.tsx(926,29): error TS17004: Cannot use JSX unless the '--jsx' flag is provided.
src/pages/AccountProfile.tsx(929,29): error TS17004: Cannot use JSX unless the '--jsx' flag is provided.
src/pages/AccountProfile.tsx(930,31): error TS17004: Cannot use JSX unless the '--jsx' flag is provided.
src/pages/AccountProfile.tsx(931,31): error TS17004: Cannot use JSX unless the '--jsx' flag is provided.
src/pages/AccountProfile.tsx(935,56): error TS17004: Cannot use JSX unless the '--jsx' flag is provided.
src/pages/AccountProfile.tsx(940,21): error TS17004: Cannot use JSX unless the '--jsx' flag is provided.
src/pages/AccountProfile.tsx(941,23): error TS17004: Cannot use JSX unless the '--jsx' flag is provided.
src/pages/AccountProfile.tsx(942,25): error TS17004: Cannot use JSX unless the '--jsx' flag is provided.
src/pages/AccountProfile.tsx(943,25): error TS17004: Cannot use JSX unless the '--jsx' flag is provided.
src/pages/AccountProfile.tsx(945,23): error TS17004: Cannot use JSX unless the '--jsx' flag is provided.
src/pages/AccountProfile.tsx(947,27): error TS17004: Cannot use JSX unless the '--jsx' flag is provided.
src/pages/AccountProfile.tsx(948,29): error TS17004: Cannot use JSX unless the '--jsx' flag is provided.
src/pages/AccountProfile.tsx(949,29): error TS17004: Cannot use JSX unless the '--jsx' flag is provided.
src/pages/AccountProfile.tsx(950,29): error TS17004: Cannot use JSX unless the '--jsx' flag is provided.
src/pages/AccountProfile.tsx(953,53): error TS17004: Cannot use JSX unless the '--jsx' flag is provided.
src/pages/AccountProfile.tsx(960,17): error TS17004: Cannot use JSX unless the '--jsx' flag is provided.
src/pages/AccountProfile.tsx(961,20): error TS17004: Cannot use JSX unless the '--jsx' flag is provided.
src/pages/AccountProfile.tsx(962,23): error TS17004: Cannot use JSX unless the '--jsx' flag is provided.
src/pages/AccountProfile.tsx(966,26): error TS17004: Cannot use JSX unless the '--jsx' flag is provided.
src/pages/AccountProfile.tsx(968,23): error TS17004: Cannot use JSX unless the '--jsx' flag is provided.
src/pages/AccountProfile.tsx(972,26): error TS17004: Cannot use JSX unless the '--jsx' flag is provided.
src/pages/AccountProfile.tsx(975,20): error TS17004: Cannot use JSX unless the '--jsx' flag is provided.
src/pages/AccountProfile.tsx(976,23): error TS17004: Cannot use JSX unless the '--jsx' flag is provided.
src/pages/AccountProfile.tsx(981,19): error TS17004: Cannot use JSX unless the '--jsx' flag is provided.
src/pages/AccountProfile.tsx(985,19): error TS17004: Cannot use JSX unless the '--jsx' flag is provided.
src/pages/AccountProfile.tsx(986,21): error TS17004: Cannot use JSX unless the '--jsx' flag is provided.
src/pages/AccountProfile.tsx(987,23): error TS17004: Cannot use JSX unless the '--jsx' flag is provided.
src/pages/AccountProfile.tsx(988,25): error TS17004: Cannot use JSX unless the '--jsx' flag is provided.
src/pages/AccountProfile.tsx(989,27): error TS17004: Cannot use JSX unless the '--jsx' flag is provided.
src/pages/AccountProfile.tsx(990,27): error TS17004: Cannot use JSX unless the '--jsx' flag is provided.
src/pages/AccountProfile.tsx(991,27): error TS17004: Cannot use JSX unless the '--jsx' flag is provided.
src/pages/AccountProfile.tsx(992,27): error TS17004: Cannot use JSX unless the '--jsx' flag is provided.
src/pages/AccountProfile.tsx(995,23): error TS17004: Cannot use JSX unless the '--jsx' flag is provided.
src/pages/AccountProfile.tsx(997,27): error TS17004: Cannot use JSX unless the '--jsx' flag is provided.
src/pages/AccountProfile.tsx(998,30): error TS17004: Cannot use JSX unless the '--jsx' flag is provided.
src/pages/AccountProfile.tsx(999,33): error TS17004: Cannot use JSX unless the '--jsx' flag is provided.
src/pages/AccountProfile.tsx(1000,36): error TS17004: Cannot use JSX unless the '--jsx' flag is provided.
src/pages/AccountProfile.tsx(1003,36): error TS17004: Cannot use JSX unless the '--jsx' flag is provided.
src/pages/AccountProfile.tsx(1004,39): error TS17004: Cannot use JSX unless the '--jsx' flag is provided.
src/pages/AccountProfile.tsx(1005,39): error TS17004: Cannot use JSX unless the '--jsx' flag is provided.
src/pages/AccountProfile.tsx(1009,30): error TS17004: Cannot use JSX unless the '--jsx' flag is provided.
src/pages/AccountProfile.tsx(1010,33): error TS17004: Cannot use JSX unless the '--jsx' flag is provided.
src/pages/AccountProfile.tsx(1011,36): error TS17004: Cannot use JSX unless the '--jsx' flag is provided.
src/pages/AccountProfile.tsx(1012,36): error TS17004: Cannot use JSX unless the '--jsx' flag is provided.
src/pages/AccountProfile.tsx(1023,29): error TS17004: Cannot use JSX unless the '--jsx' flag is provided.
src/pages/AccountProfile.tsx(1024,32): error TS17004: Cannot use JSX unless the '--jsx' flag is provided.
src/pages/AccountProfile.tsx(1025,35): error TS17004: Cannot use JSX unless the '--jsx' flag is provided.
src/pages/AccountProfile.tsx(1026,38): error TS17004: Cannot use JSX unless the '--jsx' flag is provided.
src/pages/AccountProfile.tsx(1027,38): error TS17004: Cannot use JSX unless the '--jsx' flag is provided.
src/pages/AccountProfile.tsx(1029,35): error TS17004: Cannot use JSX unless the '--jsx' flag is provided.
src/pages/AccountProfile.tsx(1030,38): error TS17004: Cannot use JSX unless the '--jsx' flag is provided.
src/pages/AccountProfile.tsx(1031,38): error TS17004: Cannot use JSX unless the '--jsx' flag is provided.
src/pages/AccountProfile.tsx(1035,29): error TS17004: Cannot use JSX unless the '--jsx' flag is provided.
src/pages/AccountProfile.tsx(1036,32): error TS17004: Cannot use JSX unless the '--jsx' flag is provided.
src/pages/AccountProfile.tsx(1037,35): error TS17004: Cannot use JSX unless the '--jsx' flag is provided.
src/pages/AccountProfile.tsx(1050,15): error TS17004: Cannot use JSX unless the '--jsx' flag is provided.
src/pages/AccountProfile.tsx(1052,18): error TS17004: Cannot use JSX unless the '--jsx' flag is provided.
src/pages/AccountProfile.tsx(1053,21): error TS17004: Cannot use JSX unless the '--jsx' flag is provided.
src/pages/AccountProfile.tsx(1054,24): error TS17004: Cannot use JSX unless the '--jsx' flag is provided.
src/pages/AccountProfile.tsx(1056,21): error TS17004: Cannot use JSX unless the '--jsx' flag is provided.
src/pages/AccountProfile.tsx(1057,24): error TS17004: Cannot use JSX unless the '--jsx' flag is provided.
src/pages/AccountProfile.tsx(1058,27): error TS17004: Cannot use JSX unless the '--jsx' flag is provided.
src/pages/AccountProfile.tsx(1060,24): error TS17004: Cannot use JSX unless the '--jsx' flag is provided.
src/pages/AccountProfile.tsx(1061,45): error TS17004: Cannot use JSX unless the '--jsx' flag is provided.
src/pages/AccountProfile.tsx(1061,77): error TS17004: Cannot use JSX unless the '--jsx' flag is provided.
src/pages/AccountProfile.tsx(1066,24): error TS17004: Cannot use JSX unless the '--jsx' flag is provided.
src/pages/AccountProfile.tsx(1068,30): error TS17004: Cannot use JSX unless the '--jsx' flag is provided.
src/pages/AccountProfile.tsx(1069,32): error TS17004: Cannot use JSX unless the '--jsx' flag is provided.
src/pages/AccountProfile.tsx(1070,32): error TS17004: Cannot use JSX unless the '--jsx' flag is provided.
src/pages/AccountProfile.tsx(1078,27): error TS17004: Cannot use JSX unless the '--jsx' flag is provided.
src/pages/AccountProfile.tsx(1081,24): error TS17004: Cannot use JSX unless the '--jsx' flag is provided.
src/pages/AccountProfile.tsx(1082,27): error TS17004: Cannot use JSX unless the '--jsx' flag is provided.
src/pages/AccountProfile.tsx(1083,30): error TS17004: Cannot use JSX unless the '--jsx' flag is provided.
src/pages/AccountProfile.tsx(1084,30): error TS17004: Cannot use JSX unless the '--jsx' flag is provided.
src/pages/AccountProfile.tsx(1085,69): error TS17004: Cannot use JSX unless the '--jsx' flag is provided.
src/pages/AccountProfile.tsx(1088,27): error TS17004: Cannot use JSX unless the '--jsx' flag is provided.
src/pages/AccountProfile.tsx(1089,30): error TS17004: Cannot use JSX unless the '--jsx' flag is provided.
src/pages/AccountProfile.tsx(1090,30): error TS17004: Cannot use JSX unless the '--jsx' flag is provided.
src/pages/AccountProfile.tsx(1091,70): error TS17004: Cannot use JSX unless the '--jsx' flag is provided.
src/pages/AccountProfile.tsx(1094,27): error TS17004: Cannot use JSX unless the '--jsx' flag is provided.
src/pages/AccountProfile.tsx(1095,30): error TS17004: Cannot use JSX unless the '--jsx' flag is provided.
src/pages/AccountProfile.tsx(1096,30): error TS17004: Cannot use JSX unless the '--jsx' flag is provided.
src/pages/AccountProfile.tsx(1097,70): error TS17004: Cannot use JSX unless the '--jsx' flag is provided.
src/pages/AccountProfile.tsx(1105,19): error TS17004: Cannot use JSX unless the '--jsx' flag is provided.
src/pages/AccountProfile.tsx(1108,22): error TS17004: Cannot use JSX unless the '--jsx' flag is provided.
src/pages/AccountProfile.tsx(1109,25): error TS17004: Cannot use JSX unless the '--jsx' flag is provided.
src/pages/AccountProfile.tsx(1110,28): error TS17004: Cannot use JSX unless the '--jsx' flag is provided.
src/pages/AccountProfile.tsx(1111,31): error TS17004: Cannot use JSX unless the '--jsx' flag is provided.
src/pages/AccountProfile.tsx(1113,28): error TS17004: Cannot use JSX unless the '--jsx' flag is provided.
src/pages/AccountProfile.tsx(1115,33): error TS17004: Cannot use JSX unless the '--jsx' flag is provided.
src/pages/AccountProfile.tsx(1119,25): error TS17004: Cannot use JSX unless the '--jsx' flag is provided.
src/pages/AccountProfile.tsx(1120,28): error TS17004: Cannot use JSX unless the '--jsx' flag is provided.
src/pages/AccountProfile.tsx(1121,31): error TS17004: Cannot use JSX unless the '--jsx' flag is provided.
src/pages/AccountProfile.tsx(1123,28): error TS17004: Cannot use JSX unless the '--jsx' flag is provided.
src/pages/AccountProfile.tsx(1125,33): error TS17004: Cannot use JSX unless the '--jsx' flag is provided.
src/pages/AccountProfile.tsx(1132,22): error TS17004: Cannot use JSX unless the '--jsx' flag is provided.
src/pages/AccountProfile.tsx(1133,25): error TS17004: Cannot use JSX unless the '--jsx' flag is provided.
src/pages/AccountProfile.tsx(1134,28): error TS17004: Cannot use JSX unless the '--jsx' flag is provided.
src/pages/AccountProfile.tsx(1135,28): error TS17004: Cannot use JSX unless the '--jsx' flag is provided.
src/pages/AccountProfile.tsx(1137,33): error TS17004: Cannot use JSX unless the '--jsx' flag is provided.
src/pages/AccountProfile.tsx(1138,36): error TS17004: Cannot use JSX unless the '--jsx' flag is provided.
src/pages/AccountProfile.tsx(1144,25): error TS17004: Cannot use JSX unless the '--jsx' flag is provided.
src/pages/AccountProfile.tsx(1145,28): error TS17004: Cannot use JSX unless the '--jsx' flag is provided.
src/pages/AccountProfile.tsx(1146,28): error TS17004: Cannot use JSX unless the '--jsx' flag is provided.
src/pages/AccountProfile.tsx(1147,31): error TS17004: Cannot use JSX unless the '--jsx' flag is provided.
src/pages/AccountProfile.tsx(1148,31): error TS17004: Cannot use JSX unless the '--jsx' flag is provided.
src/pages/AccountProfile.tsx(1156,22): error TS17004: Cannot use JSX unless the '--jsx' flag is provided.
src/pages/AccountProfile.tsx(1157,25): error TS17004: Cannot use JSX unless the '--jsx' flag is provided.
src/pages/AccountProfile.tsx(1158,25): error TS17004: Cannot use JSX unless the '--jsx' flag is provided.
src/pages/AccountProfile.tsx(1160,31): error TS17004: Cannot use JSX unless the '--jsx' flag is provided.
src/pages/AccountProfile.tsx(1161,34): error TS17004: Cannot use JSX unless the '--jsx' flag is provided.
src/pages/AccountProfile.tsx(1162,37): error TS17004: Cannot use JSX unless the '--jsx' flag is provided.
src/pages/AccountProfile.tsx(1163,37): error TS17004: Cannot use JSX unless the '--jsx' flag is provided.
src/pages/AccountProfile.tsx(1165,34): error TS17004: Cannot use JSX unless the '--jsx' flag is provided.
src/pages/AccountProfile.tsx(1170,28): error TS17004: Cannot use JSX unless the '--jsx' flag is provided.
src/pages/AccountProfile.tsx(1171,31): error TS17004: Cannot use JSX unless the '--jsx' flag is provided.
src/pages/AccountProfile.tsx(1172,31): error TS17004: Cannot use JSX unless the '--jsx' flag is provided.
src/pages/AccountProfile.tsx(1174,36): error TS17004: Cannot use JSX unless the '--jsx' flag is provided.
src/pages/AccountProfile.tsx(1185,15): error TS17004: Cannot use JSX unless the '--jsx' flag is provided.
src/pages/AccountProfile.tsx(1187,18): error TS17004: Cannot use JSX unless the '--jsx' flag is provided.
src/pages/AccountProfile.tsx(1188,21): error TS17004: Cannot use JSX unless the '--jsx' flag is provided.
src/pages/AccountProfile.tsx(1189,24): error TS17004: Cannot use JSX unless the '--jsx' flag is provided.
src/pages/AccountProfile.tsx(1191,21): error TS17004: Cannot use JSX unless the '--jsx' flag is provided.
src/pages/AccountProfile.tsx(1193,26): error TS17004: Cannot use JSX unless the '--jsx' flag is provided.
src/pages/AccountProfile.tsx(1194,29): error TS17004: Cannot use JSX unless the '--jsx' flag is provided.
src/pages/AccountProfile.tsx(1195,29): error TS17004: Cannot use JSX unless the '--jsx' flag is provided.
src/pages/AccountProfile.tsx(1196,32): error TS17004: Cannot use JSX unless the '--jsx' flag is provided.
src/pages/AccountProfile.tsx(1197,32): error TS17004: Cannot use JSX unless the '--jsx' flag is provided.
src/pages/AccountProfile.tsx(1199,29): error TS17004: Cannot use JSX unless the '--jsx' flag is provided.
src/pages/AccountProfile.tsx(1200,29): error TS17004: Cannot use JSX unless the '--jsx' flag is provided.
src/pages/AccountProfile.tsx(1201,32): error TS17004: Cannot use JSX unless the '--jsx' flag is provided.
src/pages/AccountProfile.tsx(1202,35): error TS17004: Cannot use JSX unless the '--jsx' flag is provided.
src/pages/AccountProfile.tsx(1203,35): error TS17004: Cannot use JSX unless the '--jsx' flag is provided.
src/pages/AccountProfile.tsx(1205,32): error TS17004: Cannot use JSX unless the '--jsx' flag is provided.
src/pages/AccountProfile.tsx(1206,35): error TS17004: Cannot use JSX unless the '--jsx' flag is provided.
src/pages/AccountProfile.tsx(1214,18): error TS17004: Cannot use JSX unless the '--jsx' flag is provided.
src/pages/AccountProfile.tsx(1215,21): error TS17004: Cannot use JSX unless the '--jsx' flag is provided.
src/pages/AccountProfile.tsx(1216,24): error TS17004: Cannot use JSX unless the '--jsx' flag is provided.
src/pages/AccountProfile.tsx(1217,24): error TS17004: Cannot use JSX unless the '--jsx' flag is provided.
src/pages/AccountProfile.tsx(1218,27): error TS17004: Cannot use JSX unless the '--jsx' flag is provided.
src/pages/AccountProfile.tsx(1219,30): error TS17004: Cannot use JSX unless the '--jsx' flag is provided.
src/pages/AccountProfile.tsx(1220,30): error TS17004: Cannot use JSX unless the '--jsx' flag is provided.
src/pages/AccountProfile.tsx(1221,30): error TS17004: Cannot use JSX unless the '--jsx' flag is provided.
src/pages/AccountProfile.tsx(1223,27): error TS17004: Cannot use JSX unless the '--jsx' flag is provided.
src/pages/AccountProfile.tsx(1226,21): error TS17004: Cannot use JSX unless the '--jsx' flag is provided.
src/pages/AccountProfile.tsx(1227,24): error TS17004: Cannot use JSX unless the '--jsx' flag is provided.
src/pages/AccountProfile.tsx(1228,24): error TS17004: Cannot use JSX unless the '--jsx' flag is provided.
src/pages/AccountProfile.tsx(1230,30): error TS17004: Cannot use JSX unless the '--jsx' flag is provided.
src/pages/AccountProfile.tsx(1231,33): error TS17004: Cannot use JSX unless the '--jsx' flag is provided.
src/pages/AccountProfile.tsx(1232,33): error TS17004: Cannot use JSX unless the '--jsx' flag is provided.
